2026-04-11 11:54:44.927 | WARNING  | text2sparql_client.commands.ask:ask_command:182 - db26:1-en | HTTPSConnectionPool(host='26c.text2sparql.cc-eti.org', port=443): Read timed out. (read timeout=180)
2026-04-11 11:54:44.927 | INFO     | text2sparql_client.commands.ask:_retry_response:49 - db26:1-en | Retrying (1/5) after 15 seconds...
2026-04-11 11:58:00.121 | WARNING  | text2sparql_client.commands.ask:_retry_response:68 - db26:1-en | HTTPSConnectionPool(host='26c.text2sparql.cc-eti.org', port=443): Read timed out. (read timeout=180)
2026-04-11 11:58:00.121 | INFO     | text2sparql_client.commands.ask:_retry_response:49 - db26:1-en | Retrying (2/5) after 15 seconds...
2026-04-11 12:01:15.278 | WARNING  | text2sparql_client.commands.ask:_retry_response:68 - db26:1-en | HTTPSConnectionPool(host='26c.text2sparql.cc-eti.org', port=443): Read timed out. (read timeout=180)
2026-04-11 12:01:15.278 | INFO     | text2sparql_client.commands.ask:_retry_response:49 - db26:1-en | Retrying (3/5) after 15 seconds...
2026-04-11 12:04:30.461 | WARNING  | text2sparql_client.commands.ask:_retry_response:68 - db26:1-en | HTTPSConnectionPool(host='26c.text2sparql.cc-eti.org', port=443): Read timed out. (read timeout=180)
2026-04-11 12:04:30.461 | INFO     | text2sparql_client.commands.ask:_retry_response:49 - db26:1-en | Retrying (4/5) after 15 seconds...
2026-04-11 12:07:45.579 | WARNING  | text2sparql_client.commands.ask:_retry_response:68 - db26:1-en | HTTPSConnectionPool(host='26c.text2sparql.cc-eti.org', port=443): Read timed out. (read timeout=180)
2026-04-11 12:07:45.579 | INFO     | text2sparql_client.commands.ask:_retry_response:49 - db26:1-en | Retrying (5/5) after 15 seconds...
2026-04-11 12:11:00.613 | WARNING  | text2sparql_client.commands.ask:_retry_response:68 - db26:1-en | HTTPSConnectionPool(host='26c.text2sparql.cc-eti.org', port=443): Read timed out. (read timeout=180)
2026-04-11 12:11:00.613 | ERROR    | text2sparql_client.commands.ask:_retry_response:44 - db26:1-en | Maximum number of retries reached. Skipping question.
2026-04-11 12:14:00.741 | WARNING  | text2sparql_client.commands.ask:ask_command:182 - db26:1-es | HTTPSConnectionPool(host='26c.text2sparql.cc-eti.org', port=443): Read timed out. (read timeout=180)
2026-04-11 12:14:00.741 | INFO     | text2sparql_client.commands.ask:_retry_response:49 - db26:1-es | Retrying (1/5) after 15 seconds...
2026-04-11 15:26:57.941 | WARNING  | text2sparql_client.commands.ask:ask_command:182 - db26:11-en | HTTPSConnectionPool(host='26c.text2sparql.cc-eti.org', port=443): Read timed out. (read timeout=180)
2026-04-11 15:26:57.941 | INFO     | text2sparql_client.commands.ask:_retry_response:49 - db26:11-en | Retrying (1/5) after 15 seconds...
2026-04-11 15:33:32.265 | WARNING  | text2sparql_client.commands.ask:ask_command:182 - db26:14-en | HTTPSConnectionPool(host='26c.text2sparql.cc-eti.org', port=443): Read timed out. (read timeout=180)
2026-04-11 15:33:32.265 | INFO     | text2sparql_client.commands.ask:_retry_response:49 - db26:14-en | Retrying (1/5) after 15 seconds...
2026-04-11 15:36:47.398 | WARNING  | text2sparql_client.commands.ask:_retry_response:68 - db26:14-en | HTTPSConnectionPool(host='26c.text2sparql.cc-eti.org', port=443): Read timed out. (read timeout=180)
2026-04-11 15:36:47.398 | INFO     | text2sparql_client.commands.ask:_retry_response:49 - db26:14-en | Retrying (2/5) after 15 seconds...
2026-04-11 15:40:02.527 | WARNING  | text2sparql_client.commands.ask:_retry_response:68 - db26:14-en | HTTPSConnectionPool(host='26c.text2sparql.cc-eti.org', port=443): Read timed out. (read timeout=180)
2026-04-11 15:40:02.527 | INFO     | text2sparql_client.commands.ask:_retry_response:49 - db26:14-en | Retrying (3/5) after 15 seconds...
2026-04-11 15:43:17.687 | WARNING  | text2sparql_client.commands.ask:_retry_response:68 - db26:14-en | HTTPSConnectionPool(host='26c.text2sparql.cc-eti.org', port=443): Read timed out. (read timeout=180)
2026-04-11 15:43:17.687 | INFO     | text2sparql_client.commands.ask:_retry_response:49 - db26:14-en | Retrying (4/5) after 15 seconds...
2026-04-11 15:46:32.936 | WARNING  | text2sparql_client.commands.ask:_retry_response:68 - db26:14-en | HTTPSConnectionPool(host='26c.text2sparql.cc-eti.org', port=443): Read timed out. (read timeout=180)
2026-04-11 15:46:32.936 | INFO     | text2sparql_client.commands.ask:_retry_response:49 - db26:14-en | Retrying (5/5) after 15 seconds...
2026-04-11 15:49:48.099 | WARNING  | text2sparql_client.commands.ask:_retry_response:68 - db26:14-en | HTTPSConnectionPool(host='26c.text2sparql.cc-eti.org', port=443): Read timed out. (read timeout=180)
2026-04-11 15:49:48.099 | ERROR    | text2sparql_client.commands.ask:_retry_response:44 - db26:14-en | Maximum number of retries reached. Skipping question.
2026-04-11 15:52:48.231 | WARNING  | text2sparql_client.commands.ask:ask_command:182 - db26:14-es | HTTPSConnectionPool(host='26c.text2sparql.cc-eti.org', port=443): Read timed out. (read timeout=180)
2026-04-11 15:52:48.231 | INFO     | text2sparql_client.commands.ask:_retry_response:49 - db26:14-es | Retrying (1/5) after 15 seconds...
2026-04-11 15:56:03.361 | WARNING  | text2sparql_client.commands.ask:_retry_response:68 - db26:14-es | HTTPSConnectionPool(host='26c.text2sparql.cc-eti.org', port=443): Read timed out. (read timeout=180)
2026-04-11 15:56:03.362 | INFO     | text2sparql_client.commands.ask:_retry_response:49 - db26:14-es | Retrying (2/5) after 15 seconds...
2026-04-11 15:59:18.520 | WARNING  | text2sparql_client.commands.ask:_retry_response:68 - db26:14-es | HTTPSConnectionPool(host='26c.text2sparql.cc-eti.org', port=443): Read timed out. (read timeout=180)
2026-04-11 15:59:18.520 | INFO     | text2sparql_client.commands.ask:_retry_response:49 - db26:14-es | Retrying (3/5) after 15 seconds...
2026-04-11 16:02:33.583 | WARNING  | text2sparql_client.commands.ask:_retry_response:68 - db26:14-es | HTTPSConnectionPool(host='26c.text2sparql.cc-eti.org', port=443): Read timed out. (read timeout=180)
2026-04-11 16:02:33.584 | INFO     | text2sparql_client.commands.ask:_retry_response:49 - db26:14-es | Retrying (4/5) after 15 seconds...
2026-04-11 16:05:48.737 | WARNING  | text2sparql_client.commands.ask:_retry_response:68 - db26:14-es | HTTPSConnectionPool(host='26c.text2sparql.cc-eti.org', port=443): Read timed out. (read timeout=180)
2026-04-11 16:05:48.737 | INFO     | text2sparql_client.commands.ask:_retry_response:49 - db26:14-es | Retrying (5/5) after 15 seconds...
2026-04-11 16:09:03.867 | WARNING  | text2sparql_client.commands.ask:_retry_response:68 - db26:14-es | HTTPSConnectionPool(host='26c.text2sparql.cc-eti.org', port=443): Read timed out. (read timeout=180)
2026-04-11 16:09:03.868 | ERROR    | text2sparql_client.commands.ask:_retry_response:44 - db26:14-es | Maximum number of retries reached. Skipping question.
2026-04-11 16:12:04.022 | WARNING  | text2sparql_client.commands.ask:ask_command:182 - db26:15-en | HTTPSConnectionPool(host='26c.text2sparql.cc-eti.org', port=443): Read timed out. (read timeout=180)
2026-04-11 16:12:04.022 | INFO     | text2sparql_client.commands.ask:_retry_response:49 - db26:15-en | Retrying (1/5) after 15 seconds...
2026-04-11 16:15:19.214 | WARNING  | text2sparql_client.commands.ask:_retry_response:68 - db26:15-en | HTTPSConnectionPool(host='26c.text2sparql.cc-eti.org', port=443): Read timed out. (read timeout=180)
2026-04-11 16:15:19.214 | INFO     | text2sparql_client.commands.ask:_retry_response:49 - db26:15-en | Retrying (2/5) after 15 seconds...
2026-04-11 16:18:34.376 | WARNING  | text2sparql_client.commands.ask:_retry_response:68 - db26:15-en | HTTPSConnectionPool(host='26c.text2sparql.cc-eti.org', port=443): Read timed out. (read timeout=180)
2026-04-11 16:18:34.376 | INFO     | text2sparql_client.commands.ask:_retry_response:49 - db26:15-en | Retrying (3/5) after 15 seconds...
2026-04-11 16:21:49.526 | WARNING  | text2sparql_client.commands.ask:_retry_response:68 - db26:15-en | HTTPSConnectionPool(host='26c.text2sparql.cc-eti.org', port=443): Read timed out. (read timeout=180)
2026-04-11 16:21:49.526 | INFO     | text2sparql_client.commands.ask:_retry_response:49 - db26:15-en | Retrying (4/5) after 15 seconds...
2026-04-11 16:25:04.687 | WARNING  | text2sparql_client.commands.ask:_retry_response:68 - db26:15-en | HTTPSConnectionPool(host='26c.text2sparql.cc-eti.org', port=443): Read timed out. (read timeout=180)
2026-04-11 16:25:04.687 | INFO     | text2sparql_client.commands.ask:_retry_response:49 - db26:15-en | Retrying (5/5) after 15 seconds...
2026-04-11 16:28:19.873 | WARNING  | text2sparql_client.commands.ask:_retry_response:68 - db26:15-en | HTTPSConnectionPool(host='26c.text2sparql.cc-eti.org', port=443): Read timed out. (read timeout=180)
2026-04-11 16:28:19.874 | ERROR    | text2sparql_client.commands.ask:_retry_response:44 - db26:15-en | Maximum number of retries reached. Skipping question.
2026-04-11 16:31:20.001 | WARNING  | text2sparql_client.commands.ask:ask_command:182 - db26:15-es | HTTPSConnectionPool(host='26c.text2sparql.cc-eti.org', port=443): Read timed out. (read timeout=180)
2026-04-11 16:31:20.001 | INFO     | text2sparql_client.commands.ask:_retry_response:49 - db26:15-es | Retrying (1/5) after 15 seconds...
2026-04-11 16:34:35.165 | WARNING  | text2sparql_client.commands.ask:_retry_response:68 - db26:15-es | HTTPSConnectionPool(host='26c.text2sparql.cc-eti.org', port=443): Read timed out. (read timeout=180)
2026-04-11 16:34:35.165 | INFO     | text2sparql_client.commands.ask:_retry_response:49 - db26:15-es | Retrying (2/5) after 15 seconds...
2026-04-11 16:39:04.730 | WARNING  | text2sparql_client.commands.ask:ask_command:182 - db26:16-en | HTTPSConnectionPool(host='26c.text2sparql.cc-eti.org', port=443): Read timed out. (read timeout=180)
2026-04-11 16:39:04.730 | INFO     | text2sparql_client.commands.ask:_retry_response:49 - db26:16-en | Retrying (1/5) after 15 seconds...
2026-04-11 16:42:19.897 | WARNING  | text2sparql_client.commands.ask:_retry_response:68 - db26:16-en | HTTPSConnectionPool(host='26c.text2sparql.cc-eti.org', port=443): Read timed out. (read timeout=180)
2026-04-11 16:42:19.898 | INFO     | text2sparql_client.commands.ask:_retry_response:49 - db26:16-en | Retrying (2/5) after 15 seconds...
2026-04-11 16:45:35.045 | WARNING  | text2sparql_client.commands.ask:_retry_response:68 - db26:16-en | HTTPSConnectionPool(host='26c.text2sparql.cc-eti.org', port=443): Read timed out. (read timeout=180)
2026-04-11 16:45:35.045 | INFO     | text2sparql_client.commands.ask:_retry_response:49 - db26:16-en | Retrying (3/5) after 15 seconds...
2026-04-11 16:48:50.309 | WARNING  | text2sparql_client.commands.ask:_retry_response:68 - db26:16-en | HTTPSConnectionPool(host='26c.text2sparql.cc-eti.org', port=443): Read timed out. (read timeout=180)
2026-04-11 16:48:50.309 | INFO     | text2sparql_client.commands.ask:_retry_response:49 - db26:16-en | Retrying (4/5) after 15 seconds...
2026-04-11 16:52:05.495 | WARNING  | text2sparql_client.commands.ask:_retry_response:68 - db26:16-en | HTTPSConnectionPool(host='26c.text2sparql.cc-eti.org', port=443): Read timed out. (read timeout=180)
2026-04-11 16:52:05.495 | INFO     | text2sparql_client.commands.ask:_retry_response:49 - db26:16-en | Retrying (5/5) after 15 seconds...
2026-04-11 16:55:20.625 | WARNING  | text2sparql_client.commands.ask:_retry_response:68 - db26:16-en | HTTPSConnectionPool(host='26c.text2sparql.cc-eti.org', port=443): Read timed out. (read timeout=180)
2026-04-11 16:55:20.625 | ERROR    | text2sparql_client.commands.ask:_retry_response:44 - db26:16-en | Maximum number of retries reached. Skipping question.
2026-04-11 16:58:20.752 | WARNING  | text2sparql_client.commands.ask:ask_command:182 - db26:16-es | HTTPSConnectionPool(host='26c.text2sparql.cc-eti.org', port=443): Read timed out. (read timeout=180)
2026-04-11 16:58:20.753 | INFO     | text2sparql_client.commands.ask:_retry_response:49 - db26:16-es | Retrying (1/5) after 15 seconds...
2026-04-11 17:01:35.943 | WARNING  | text2sparql_client.commands.ask:_retry_response:68 - db26:16-es | HTTPSConnectionPool(host='26c.text2sparql.cc-eti.org', port=443): Read timed out. (read timeout=180)
2026-04-11 17:01:35.944 | INFO     | text2sparql_client.commands.ask:_retry_response:49 - db26:16-es | Retrying (2/5) after 15 seconds...
2026-04-11 17:04:51.072 | WARNING  | text2sparql_client.commands.ask:_retry_response:68 - db26:16-es | HTTPSConnectionPool(host='26c.text2sparql.cc-eti.org', port=443): Read timed out. (read timeout=180)
2026-04-11 17:04:51.073 | INFO     | text2sparql_client.commands.ask:_retry_response:49 - db26:16-es | Retrying (3/5) after 15 seconds...
2026-04-11 17:08:06.181 | WARNING  | text2sparql_client.commands.ask:_retry_response:68 - db26:16-es | HTTPSConnectionPool(host='26c.text2sparql.cc-eti.org', port=443): Read timed out. (read timeout=180)
2026-04-11 17:08:06.182 | INFO     | text2sparql_client.commands.ask:_retry_response:49 - db26:16-es | Retrying (4/5) after 15 seconds...
2026-04-11 17:11:21.312 | WARNING  | text2sparql_client.commands.ask:_retry_response:68 - db26:16-es | HTTPSConnectionPool(host='26c.text2sparql.cc-eti.org', port=443): Read timed out. (read timeout=180)
2026-04-11 17:11:21.312 | INFO     | text2sparql_client.commands.ask:_retry_response:49 - db26:16-es | Retrying (5/5) after 15 seconds...
2026-04-11 17:14:36.465 | WARNING  | text2sparql_client.commands.ask:_retry_response:68 - db26:16-es | HTTPSConnectionPool(host='26c.text2sparql.cc-eti.org', port=443): Read timed out. (read timeout=180)
2026-04-11 17:14:36.465 | ERROR    | text2sparql_client.commands.ask:_retry_response:44 - db26:16-es | Maximum number of retries reached. Skipping question.
2026-04-11 17:17:36.578 | WARNING  | text2sparql_client.commands.ask:ask_command:182 - db26:17-en | HTTPSConnectionPool(host='26c.text2sparql.cc-eti.org', port=443): Read timed out. (read timeout=180)
2026-04-11 17:17:36.579 | INFO     | text2sparql_client.commands.ask:_retry_response:49 - db26:17-en | Retrying (1/5) after 15 seconds...
2026-04-11 17:20:51.720 | WARNING  | text2sparql_client.commands.ask:_retry_response:68 - db26:17-en | HTTPSConnectionPool(host='26c.text2sparql.cc-eti.org', port=443): Read timed out. (read timeout=180)
2026-04-11 17:20:51.721 | INFO     | text2sparql_client.commands.ask:_retry_response:49 - db26:17-en | Retrying (2/5) after 15 seconds...
2026-04-11 17:24:06.838 | WARNING  | text2sparql_client.commands.ask:_retry_response:68 - db26:17-en | HTTPSConnectionPool(host='26c.text2sparql.cc-eti.org', port=443): Read timed out. (read timeout=180)
2026-04-11 17:24:06.838 | INFO     | text2sparql_client.commands.ask:_retry_response:49 - db26:17-en | Retrying (3/5) after 15 seconds...
2026-04-11 17:27:21.994 | WARNING  | text2sparql_client.commands.ask:_retry_response:68 - db26:17-en | HTTPSConnectionPool(host='26c.text2sparql.cc-eti.org', port=443): Read timed out. (read timeout=180)
2026-04-11 17:27:21.994 | INFO     | text2sparql_client.commands.ask:_retry_response:49 - db26:17-en | Retrying (4/5) after 15 seconds...
2026-04-11 17:30:37.162 | WARNING  | text2sparql_client.commands.ask:_retry_response:68 - db26:17-en | HTTPSConnectionPool(host='26c.text2sparql.cc-eti.org', port=443): Read timed out. (read timeout=180)
2026-04-11 17:30:37.163 | INFO     | text2sparql_client.commands.ask:_retry_response:49 - db26:17-en | Retrying (5/5) after 15 seconds...
2026-04-11 17:33:52.319 | WARNING  | text2sparql_client.commands.ask:_retry_response:68 - db26:17-en | HTTPSConnectionPool(host='26c.text2sparql.cc-eti.org', port=443): Read timed out. (read timeout=180)
2026-04-11 17:33:52.320 | ERROR    | text2sparql_client.commands.ask:_retry_response:44 - db26:17-en | Maximum number of retries reached. Skipping question.
2026-04-11 17:36:52.452 | WARNING  | text2sparql_client.commands.ask:ask_command:182 - db26:17-es | HTTPSConnectionPool(host='26c.text2sparql.cc-eti.org', port=443): Read timed out. (read timeout=180)
2026-04-11 17:36:52.452 | INFO     | text2sparql_client.commands.ask:_retry_response:49 - db26:17-es | Retrying (1/5) after 15 seconds...
2026-04-11 17:40:07.607 | WARNING  | text2sparql_client.commands.ask:_retry_response:68 - db26:17-es | HTTPSConnectionPool(host='26c.text2sparql.cc-eti.org', port=443): Read timed out. (read timeout=180)
2026-04-11 17:40:07.607 | INFO     | text2sparql_client.commands.ask:_retry_response:49 - db26:17-es | Retrying (2/5) after 15 seconds...
2026-04-11 17:43:22.792 | WARNING  | text2sparql_client.commands.ask:_retry_response:68 - db26:17-es | HTTPSConnectionPool(host='26c.text2sparql.cc-eti.org', port=443): Read timed out. (read timeout=180)
2026-04-11 17:43:22.792 | INFO     | text2sparql_client.commands.ask:_retry_response:49 - db26:17-es | Retrying (3/5) after 15 seconds...
2026-04-11 17:46:37.915 | WARNING  | text2sparql_client.commands.ask:_retry_response:68 - db26:17-es | HTTPSConnectionPool(host='26c.text2sparql.cc-eti.org', port=443): Read timed out. (read timeout=180)
2026-04-11 17:46:37.915 | INFO     | text2sparql_client.commands.ask:_retry_response:49 - db26:17-es | Retrying (4/5) after 15 seconds...
2026-04-11 17:49:53.206 | WARNING  | text2sparql_client.commands.ask:_retry_response:68 - db26:17-es | HTTPSConnectionPool(host='26c.text2sparql.cc-eti.org', port=443): Read timed out. (read timeout=180)
2026-04-11 17:49:53.206 | INFO     | text2sparql_client.commands.ask:_retry_response:49 - db26:17-es | Retrying (5/5) after 15 seconds...
2026-04-11 17:53:08.389 | WARNING  | text2sparql_client.commands.ask:_retry_response:68 - db26:17-es | HTTPSConnectionPool(host='26c.text2sparql.cc-eti.org', port=443): Read timed out. (read timeout=180)
2026-04-11 17:53:08.389 | ERROR    | text2sparql_client.commands.ask:_retry_response:44 - db26:17-es | Maximum number of retries reached. Skipping question.
2026-04-11 17:56:08.534 | WARNING  | text2sparql_client.commands.ask:ask_command:182 - db26:18-en | HTTPSConnectionPool(host='26c.text2sparql.cc-eti.org', port=443): Read timed out. (read timeout=180)
2026-04-11 17:56:08.534 | INFO     | text2sparql_client.commands.ask:_retry_response:49 - db26:18-en | Retrying (1/5) after 15 seconds...
2026-04-11 18:01:50.088 | WARNING  | text2sparql_client.commands.ask:ask_command:182 - db26:20-en | HTTPSConnectionPool(host='26c.text2sparql.cc-eti.org', port=443): Read timed out. (read timeout=180)
2026-04-11 18:01:50.089 | INFO     | text2sparql_client.commands.ask:_retry_response:49 - db26:20-en | Retrying (1/5) after 15 seconds...
2026-04-11 18:05:13.800 | WARNING  | text2sparql_client.commands.ask:ask_command:182 - db26:20-es | HTTPSConnectionPool(host='26c.text2sparql.cc-eti.org', port=443): Read timed out. (read timeout=180)
2026-04-11 18:05:13.801 | INFO     | text2sparql_client.commands.ask:_retry_response:49 - db26:20-es | Retrying (1/5) after 15 seconds...
2026-04-11 18:08:28.933 | WARNING  | text2sparql_client.commands.ask:_retry_response:68 - db26:20-es | HTTPSConnectionPool(host='26c.text2sparql.cc-eti.org', port=443): Read timed out. (read timeout=180)
2026-04-11 18:08:28.934 | INFO     | text2sparql_client.commands.ask:_retry_response:49 - db26:20-es | Retrying (2/5) after 15 seconds...
2026-04-11 18:11:44.066 | WARNING  | text2sparql_client.commands.ask:_retry_response:68 - db26:20-es | HTTPSConnectionPool(host='26c.text2sparql.cc-eti.org', port=443): Read timed out. (read timeout=180)
2026-04-11 18:11:44.066 | INFO     | text2sparql_client.commands.ask:_retry_response:49 - db26:20-es | Retrying (3/5) after 15 seconds...
2026-04-11 18:14:59.197 | WARNING  | text2sparql_client.commands.ask:_retry_response:68 - db26:20-es | HTTPSConnectionPool(host='26c.text2sparql.cc-eti.org', port=443): Read timed out. (read timeout=180)
2026-04-11 18:14:59.197 | INFO     | text2sparql_client.commands.ask:_retry_response:49 - db26:20-es | Retrying (4/5) after 15 seconds...
2026-04-11 18:18:14.249 | WARNING  | text2sparql_client.commands.ask:_retry_response:68 - db26:20-es | HTTPSConnectionPool(host='26c.text2sparql.cc-eti.org', port=443): Read timed out. (read timeout=180)
2026-04-11 18:18:14.250 | INFO     | text2sparql_client.commands.ask:_retry_response:49 - db26:20-es | Retrying (5/5) after 15 seconds...
2026-04-11 18:21:29.409 | WARNING  | text2sparql_client.commands.ask:_retry_response:68 - db26:20-es | HTTPSConnectionPool(host='26c.text2sparql.cc-eti.org', port=443): Read timed out. (read timeout=180)
2026-04-11 18:21:29.410 | ERROR    | text2sparql_client.commands.ask:_retry_response:44 - db26:20-es | Maximum number of retries reached. Skipping question.
2026-04-11 18:26:59.573 | WARNING  | text2sparql_client.commands.ask:ask_command:182 - db26:21-es | HTTPSConnectionPool(host='26c.text2sparql.cc-eti.org', port=443): Read timed out. (read timeout=180)
2026-04-11 18:26:59.573 | INFO     | text2sparql_client.commands.ask:_retry_response:49 - db26:21-es | Retrying (1/5) after 15 seconds...
2026-04-11 18:35:43.553 | WARNING  | text2sparql_client.commands.ask:ask_command:182 - db26:26-en | HTTPSConnectionPool(host='26c.text2sparql.cc-eti.org', port=443): Read timed out. (read timeout=180)
2026-04-11 18:35:43.553 | INFO     | text2sparql_client.commands.ask:_retry_response:49 - db26:26-en | Retrying (1/5) after 15 seconds...
2026-04-11 18:38:58.709 | WARNING  | text2sparql_client.commands.ask:_retry_response:68 - db26:26-en | HTTPSConnectionPool(host='26c.text2sparql.cc-eti.org', port=443): Read timed out. (read timeout=180)
2026-04-11 18:38:58.709 | INFO     | text2sparql_client.commands.ask:_retry_response:49 - db26:26-en | Retrying (2/5) after 15 seconds...
2026-04-11 18:42:13.864 | WARNING  | text2sparql_client.commands.ask:_retry_response:68 - db26:26-en | HTTPSConnectionPool(host='26c.text2sparql.cc-eti.org', port=443): Read timed out. (read timeout=180)
2026-04-11 18:42:13.864 | INFO     | text2sparql_client.commands.ask:_retry_response:49 - db26:26-en | Retrying (3/5) after 15 seconds...
2026-04-11 18:45:28.993 | WARNING  | text2sparql_client.commands.ask:_retry_response:68 - db26:26-en | HTTPSConnectionPool(host='26c.text2sparql.cc-eti.org', port=443): Read timed out. (read timeout=180)
2026-04-11 18:45:28.993 | INFO     | text2sparql_client.commands.ask:_retry_response:49 - db26:26-en | Retrying (4/5) after 15 seconds...
2026-04-11 18:53:47.538 | WARNING  | text2sparql_client.commands.ask:ask_command:182 - db26:28-es | HTTPSConnectionPool(host='26c.text2sparql.cc-eti.org', port=443): Read timed out. (read timeout=180)
2026-04-11 18:53:47.539 | INFO     | text2sparql_client.commands.ask:_retry_response:49 - db26:28-es | Retrying (1/5) after 15 seconds...
2026-04-11 19:00:42.063 | WARNING  | text2sparql_client.commands.ask:ask_command:182 - db26:32-es | HTTPSConnectionPool(host='26c.text2sparql.cc-eti.org', port=443): Read timed out. (read timeout=180)
2026-04-11 19:00:42.063 | INFO     | text2sparql_client.commands.ask:_retry_response:49 - db26:32-es | Retrying (1/5) after 15 seconds...
2026-04-11 19:08:01.177 | WARNING  | text2sparql_client.commands.ask:ask_command:182 - db26:35-es | HTTPSConnectionPool(host='26c.text2sparql.cc-eti.org', port=443): Read timed out. (read timeout=180)
2026-04-11 19:08:01.178 | INFO     | text2sparql_client.commands.ask:_retry_response:49 - db26:35-es | Retrying (1/5) after 15 seconds...
2026-04-11 19:11:16.383 | WARNING  | text2sparql_client.commands.ask:_retry_response:68 - db26:35-es | HTTPSConnectionPool(host='26c.text2sparql.cc-eti.org', port=443): Read timed out. (read timeout=180)
2026-04-11 19:11:16.383 | INFO     | text2sparql_client.commands.ask:_retry_response:49 - db26:35-es | Retrying (2/5) after 15 seconds...
2026-04-11 19:14:31.535 | WARNING  | text2sparql_client.commands.ask:_retry_response:68 - db26:35-es | HTTPSConnectionPool(host='26c.text2sparql.cc-eti.org', port=443): Read timed out. (read timeout=180)
2026-04-11 19:14:31.535 | INFO     | text2sparql_client.commands.ask:_retry_response:49 - db26:35-es | Retrying (3/5) after 15 seconds...
2026-04-11 19:17:46.691 | WARNING  | text2sparql_client.commands.ask:_retry_response:68 - db26:35-es | HTTPSConnectionPool(host='26c.text2sparql.cc-eti.org', port=443): Read timed out. (read timeout=180)
2026-04-11 19:17:46.691 | INFO     | text2sparql_client.commands.ask:_retry_response:49 - db26:35-es | Retrying (4/5) after 15 seconds...
2026-04-11 19:21:01.850 | WARNING  | text2sparql_client.commands.ask:_retry_response:68 - db26:35-es | HTTPSConnectionPool(host='26c.text2sparql.cc-eti.org', port=443): Read timed out. (read timeout=180)
2026-04-11 19:21:01.850 | INFO     | text2sparql_client.commands.ask:_retry_response:49 - db26:35-es | Retrying (5/5) after 15 seconds...
2026-04-11 19:24:17.046 | WARNING  | text2sparql_client.commands.ask:_retry_response:68 - db26:35-es | HTTPSConnectionPool(host='26c.text2sparql.cc-eti.org', port=443): Read timed out. (read timeout=180)
2026-04-11 19:24:17.046 | ERROR    | text2sparql_client.commands.ask:_retry_response:44 - db26:35-es | Maximum number of retries reached. Skipping question.
2026-04-11 19:27:17.222 | WARNING  | text2sparql_client.commands.ask:ask_command:182 - db26:36-en | HTTPSConnectionPool(host='26c.text2sparql.cc-eti.org', port=443): Read timed out. (read timeout=180)
2026-04-11 19:27:17.222 | INFO     | text2sparql_client.commands.ask:_retry_response:49 - db26:36-en | Retrying (1/5) after 15 seconds...
2026-04-11 19:30:32.432 | WARNING  | text2sparql_client.commands.ask:_retry_response:68 - db26:36-en | HTTPSConnectionPool(host='26c.text2sparql.cc-eti.org', port=443): Read timed out. (read timeout=180)
2026-04-11 19:30:32.432 | INFO     | text2sparql_client.commands.ask:_retry_response:49 - db26:36-en | Retrying (2/5) after 15 seconds...
2026-04-11 19:33:47.614 | WARNING  | text2sparql_client.commands.ask:_retry_response:68 - db26:36-en | HTTPSConnectionPool(host='26c.text2sparql.cc-eti.org', port=443): Read timed out. (read timeout=180)
2026-04-11 19:33:47.615 | INFO     | text2sparql_client.commands.ask:_retry_response:49 - db26:36-en | Retrying (3/5) after 15 seconds...
2026-04-11 19:37:02.766 | WARNING  | text2sparql_client.commands.ask:_retry_response:68 - db26:36-en | HTTPSConnectionPool(host='26c.text2sparql.cc-eti.org', port=443): Read timed out. (read timeout=180)
2026-04-11 19:37:02.766 | INFO     | text2sparql_client.commands.ask:_retry_response:49 - db26:36-en | Retrying (4/5) after 15 seconds...
2026-04-11 19:40:17.919 | WARNING  | text2sparql_client.commands.ask:_retry_response:68 - db26:36-en | HTTPSConnectionPool(host='26c.text2sparql.cc-eti.org', port=443): Read timed out. (read timeout=180)
2026-04-11 19:40:17.919 | INFO     | text2sparql_client.commands.ask:_retry_response:49 - db26:36-en | Retrying (5/5) after 15 seconds...
2026-04-11 19:43:33.097 | WARNING  | text2sparql_client.commands.ask:_retry_response:68 - db26:36-en | HTTPSConnectionPool(host='26c.text2sparql.cc-eti.org', port=443): Read timed out. (read timeout=180)
2026-04-11 19:43:33.097 | ERROR    | text2sparql_client.commands.ask:_retry_response:44 - db26:36-en | Maximum number of retries reached. Skipping question.
2026-04-11 19:46:33.224 | WARNING  | text2sparql_client.commands.ask:ask_command:182 - db26:36-es | HTTPSConnectionPool(host='26c.text2sparql.cc-eti.org', port=443): Read timed out. (read timeout=180)
2026-04-11 19:46:33.224 | INFO     | text2sparql_client.commands.ask:_retry_response:49 - db26:36-es | Retrying (1/5) after 15 seconds...
2026-04-11 19:49:48.434 | WARNING  | text2sparql_client.commands.ask:_retry_response:68 - db26:36-es | HTTPSConnectionPool(host='26c.text2sparql.cc-eti.org', port=443): Read timed out. (read timeout=180)
2026-04-11 19:49:48.435 | INFO     | text2sparql_client.commands.ask:_retry_response:49 - db26:36-es | Retrying (2/5) after 15 seconds...
2026-04-11 19:53:03.666 | WARNING  | text2sparql_client.commands.ask:_retry_response:68 - db26:36-es | HTTPSConnectionPool(host='26c.text2sparql.cc-eti.org', port=443): Read timed out. (read timeout=180)
2026-04-11 19:53:03.666 | INFO     | text2sparql_client.commands.ask:_retry_response:49 - db26:36-es | Retrying (3/5) after 15 seconds...
2026-04-11 19:56:18.850 | WARNING  | text2sparql_client.commands.ask:_retry_response:68 - db26:36-es | HTTPSConnectionPool(host='26c.text2sparql.cc-eti.org', port=443): Read timed out. (read timeout=180)
2026-04-11 19:56:18.850 | INFO     | text2sparql_client.commands.ask:_retry_response:49 - db26:36-es | Retrying (4/5) after 15 seconds...
2026-04-11 19:59:33.991 | WARNING  | text2sparql_client.commands.ask:_retry_response:68 - db26:36-es | HTTPSConnectionPool(host='26c.text2sparql.cc-eti.org', port=443): Read timed out. (read timeout=180)
2026-04-11 19:59:33.992 | INFO     | text2sparql_client.commands.ask:_retry_response:49 - db26:36-es | Retrying (5/5) after 15 seconds...
2026-04-11 20:02:49.056 | WARNING  | text2sparql_client.commands.ask:_retry_response:68 - db26:36-es | HTTPSConnectionPool(host='26c.text2sparql.cc-eti.org', port=443): Read timed out. (read timeout=180)
2026-04-11 20:02:49.056 | ERROR    | text2sparql_client.commands.ask:_retry_response:44 - db26:36-es | Maximum number of retries reached. Skipping question.
2026-04-11 20:05:49.182 | WARNING  | text2sparql_client.commands.ask:ask_command:182 - db26:37-en | HTTPSConnectionPool(host='26c.text2sparql.cc-eti.org', port=443): Read timed out. (read timeout=180)
2026-04-11 20:05:49.182 | INFO     | text2sparql_client.commands.ask:_retry_response:49 - db26:37-en | Retrying (1/5) after 15 seconds...
2026-04-11 20:09:04.314 | WARNING  | text2sparql_client.commands.ask:_retry_response:68 - db26:37-en | HTTPSConnectionPool(host='26c.text2sparql.cc-eti.org', port=443): Read timed out. (read timeout=180)
2026-04-11 20:09:04.314 | INFO     | text2sparql_client.commands.ask:_retry_response:49 - db26:37-en | Retrying (2/5) after 15 seconds...
2026-04-11 20:12:19.468 | WARNING  | text2sparql_client.commands.ask:_retry_response:68 - db26:37-en | HTTPSConnectionPool(host='26c.text2sparql.cc-eti.org', port=443): Read timed out. (read timeout=180)
2026-04-11 20:12:19.468 | INFO     | text2sparql_client.commands.ask:_retry_response:49 - db26:37-en | Retrying (3/5) after 15 seconds...
2026-04-11 20:15:34.597 | WARNING  | text2sparql_client.commands.ask:_retry_response:68 - db26:37-en | HTTPSConnectionPool(host='26c.text2sparql.cc-eti.org', port=443): Read timed out. (read timeout=180)
2026-04-11 20:15:34.597 | INFO     | text2sparql_client.commands.ask:_retry_response:49 - db26:37-en | Retrying (4/5) after 15 seconds...
2026-04-11 20:18:49.753 | WARNING  | text2sparql_client.commands.ask:_retry_response:68 - db26:37-en | HTTPSConnectionPool(host='26c.text2sparql.cc-eti.org', port=443): Read timed out. (read timeout=180)
2026-04-11 20:18:49.753 | INFO     | text2sparql_client.commands.ask:_retry_response:49 - db26:37-en | Retrying (5/5) after 15 seconds...
2026-04-11 20:22:04.831 | WARNING  | text2sparql_client.commands.ask:_retry_response:68 - db26:37-en | HTTPSConnectionPool(host='26c.text2sparql.cc-eti.org', port=443): Read timed out. (read timeout=180)
2026-04-11 20:22:04.831 | ERROR    | text2sparql_client.commands.ask:_retry_response:44 - db26:37-en | Maximum number of retries reached. Skipping question.
2026-04-11 20:25:04.886 | WARNING  | text2sparql_client.commands.ask:ask_command:182 - db26:37-es | HTTPSConnectionPool(host='26c.text2sparql.cc-eti.org', port=443): Read timed out. (read timeout=180)
2026-04-11 20:25:04.886 | INFO     | text2sparql_client.commands.ask:_retry_response:49 - db26:37-es | Retrying (1/5) after 15 seconds...
2026-04-11 20:28:20.044 | WARNING  | text2sparql_client.commands.ask:_retry_response:68 - db26:37-es | HTTPSConnectionPool(host='26c.text2sparql.cc-eti.org', port=443): Read timed out. (read timeout=180)
2026-04-11 20:28:20.045 | INFO     | text2sparql_client.commands.ask:_retry_response:49 - db26:37-es | Retrying (2/5) after 15 seconds...
2026-04-11 20:31:35.205 | WARNING  | text2sparql_client.commands.ask:_retry_response:68 - db26:37-es | HTTPSConnectionPool(host='26c.text2sparql.cc-eti.org', port=443): Read timed out. (read timeout=180)
2026-04-11 20:31:35.205 | INFO     | text2sparql_client.commands.ask:_retry_response:49 - db26:37-es | Retrying (3/5) after 15 seconds...
2026-04-11 20:34:50.335 | WARNING  | text2sparql_client.commands.ask:_retry_response:68 - db26:37-es | HTTPSConnectionPool(host='26c.text2sparql.cc-eti.org', port=443): Read timed out. (read timeout=180)
2026-04-11 20:34:50.336 | INFO     | text2sparql_client.commands.ask:_retry_response:49 - db26:37-es | Retrying (4/5) after 15 seconds...
2026-04-11 20:38:05.541 | WARNING  | text2sparql_client.commands.ask:_retry_response:68 - db26:37-es | HTTPSConnectionPool(host='26c.text2sparql.cc-eti.org', port=443): Read timed out. (read timeout=180)
2026-04-11 20:38:05.542 | INFO     | text2sparql_client.commands.ask:_retry_response:49 - db26:37-es | Retrying (5/5) after 15 seconds...
2026-04-11 20:41:20.697 | WARNING  | text2sparql_client.commands.ask:_retry_response:68 - db26:37-es | HTTPSConnectionPool(host='26c.text2sparql.cc-eti.org', port=443): Read timed out. (read timeout=180)
2026-04-11 20:41:20.698 | ERROR    | text2sparql_client.commands.ask:_retry_response:44 - db26:37-es | Maximum number of retries reached. Skipping question.
2026-04-11 20:44:20.827 | WARNING  | text2sparql_client.commands.ask:ask_command:182 - db26:38-en | HTTPSConnectionPool(host='26c.text2sparql.cc-eti.org', port=443): Read timed out. (read timeout=180)
2026-04-11 20:44:20.828 | INFO     | text2sparql_client.commands.ask:_retry_response:49 - db26:38-en | Retrying (1/5) after 15 seconds...
2026-04-11 20:47:36.013 | WARNING  | text2sparql_client.commands.ask:_retry_response:68 - db26:38-en | HTTPSConnectionPool(host='26c.text2sparql.cc-eti.org', port=443): Read timed out. (read timeout=180)
2026-04-11 20:47:36.013 | INFO     | text2sparql_client.commands.ask:_retry_response:49 - db26:38-en | Retrying (2/5) after 15 seconds...
2026-04-11 20:50:51.194 | WARNING  | text2sparql_client.commands.ask:_retry_response:68 - db26:38-en | HTTPSConnectionPool(host='26c.text2sparql.cc-eti.org', port=443): Read timed out. (read timeout=180)
2026-04-11 20:50:51.194 | INFO     | text2sparql_client.commands.ask:_retry_response:49 - db26:38-en | Retrying (3/5) after 15 seconds...
2026-04-11 20:54:06.474 | WARNING  | text2sparql_client.commands.ask:_retry_response:68 - db26:38-en | HTTPSConnectionPool(host='26c.text2sparql.cc-eti.org', port=443): Read timed out. (read timeout=180)
2026-04-11 20:54:06.474 | INFO     | text2sparql_client.commands.ask:_retry_response:49 - db26:38-en | Retrying (4/5) after 15 seconds...
2026-04-11 20:57:21.583 | WARNING  | text2sparql_client.commands.ask:_retry_response:68 - db26:38-en | HTTPSConnectionPool(host='26c.text2sparql.cc-eti.org', port=443): Read timed out. (read timeout=180)
2026-04-11 20:57:21.584 | INFO     | text2sparql_client.commands.ask:_retry_response:49 - db26:38-en | Retrying (5/5) after 15 seconds...
2026-04-11 21:00:36.740 | WARNING  | text2sparql_client.commands.ask:_retry_response:68 - db26:38-en | HTTPSConnectionPool(host='26c.text2sparql.cc-eti.org', port=443): Read timed out. (read timeout=180)
2026-04-11 21:00:36.740 | ERROR    | text2sparql_client.commands.ask:_retry_response:44 - db26:38-en | Maximum number of retries reached. Skipping question.
2026-04-11 21:03:36.781 | WARNING  | text2sparql_client.commands.ask:ask_command:182 - db26:38-es | HTTPSConnectionPool(host='26c.text2sparql.cc-eti.org', port=443): Read timed out. (read timeout=180)
2026-04-11 21:03:36.782 | INFO     | text2sparql_client.commands.ask:_retry_response:49 - db26:38-es | Retrying (1/5) after 15 seconds...
2026-04-11 21:06:51.937 | WARNING  | text2sparql_client.commands.ask:_retry_response:68 - db26:38-es | HTTPSConnectionPool(host='26c.text2sparql.cc-eti.org', port=443): Read timed out. (read timeout=180)
2026-04-11 21:06:51.937 | INFO     | text2sparql_client.commands.ask:_retry_response:49 - db26:38-es | Retrying (2/5) after 15 seconds...
2026-04-11 21:10:07.070 | WARNING  | text2sparql_client.commands.ask:_retry_response:68 - db26:38-es | HTTPSConnectionPool(host='26c.text2sparql.cc-eti.org', port=443): Read timed out. (read timeout=180)
2026-04-11 21:10:07.070 | INFO     | text2sparql_client.commands.ask:_retry_response:49 - db26:38-es | Retrying (3/5) after 15 seconds...
2026-04-11 21:13:22.222 | WARNING  | text2sparql_client.commands.ask:_retry_response:68 - db26:38-es | HTTPSConnectionPool(host='26c.text2sparql.cc-eti.org', port=443): Read timed out. (read timeout=180)
2026-04-11 21:13:22.223 | INFO     | text2sparql_client.commands.ask:_retry_response:49 - db26:38-es | Retrying (4/5) after 15 seconds...
2026-04-11 21:16:37.396 | WARNING  | text2sparql_client.commands.ask:_retry_response:68 - db26:38-es | HTTPSConnectionPool(host='26c.text2sparql.cc-eti.org', port=443): Read timed out. (read timeout=180)
2026-04-11 21:16:37.396 | INFO     | text2sparql_client.commands.ask:_retry_response:49 - db26:38-es | Retrying (5/5) after 15 seconds...
2026-04-11 21:19:52.546 | WARNING  | text2sparql_client.commands.ask:_retry_response:68 - db26:38-es | HTTPSConnectionPool(host='26c.text2sparql.cc-eti.org', port=443): Read timed out. (read timeout=180)
2026-04-11 21:19:52.547 | ERROR    | text2sparql_client.commands.ask:_retry_response:44 - db26:38-es | Maximum number of retries reached. Skipping question.
2026-04-11 21:22:52.745 | WARNING  | text2sparql_client.commands.ask:ask_command:182 - db26:39-en | HTTPSConnectionPool(host='26c.text2sparql.cc-eti.org', port=443): Read timed out. (read timeout=180)
2026-04-11 21:22:52.745 | INFO     | text2sparql_client.commands.ask:_retry_response:49 - db26:39-en | Retrying (1/5) after 15 seconds...
2026-04-11 21:26:07.876 | WARNING  | text2sparql_client.commands.ask:_retry_response:68 - db26:39-en | HTTPSConnectionPool(host='26c.text2sparql.cc-eti.org', port=443): Read timed out. (read timeout=180)
2026-04-11 21:26:07.877 | INFO     | text2sparql_client.commands.ask:_retry_response:49 - db26:39-en | Retrying (2/5) after 15 seconds...
2026-04-11 21:29:23.033 | WARNING  | text2sparql_client.commands.ask:_retry_response:68 - db26:39-en | HTTPSConnectionPool(host='26c.text2sparql.cc-eti.org', port=443): Read timed out. (read timeout=180)
2026-04-11 21:29:23.033 | INFO     | text2sparql_client.commands.ask:_retry_response:49 - db26:39-en | Retrying (3/5) after 15 seconds...
2026-04-11 21:32:38.129 | WARNING  | text2sparql_client.commands.ask:_retry_response:68 - db26:39-en | HTTPSConnectionPool(host='26c.text2sparql.cc-eti.org', port=443): Read timed out. (read timeout=180)
2026-04-11 21:32:38.130 | INFO     | text2sparql_client.commands.ask:_retry_response:49 - db26:39-en | Retrying (4/5) after 15 seconds...
2026-04-11 21:35:53.273 | WARNING  | text2sparql_client.commands.ask:_retry_response:68 - db26:39-en | HTTPSConnectionPool(host='26c.text2sparql.cc-eti.org', port=443): Read timed out. (read timeout=180)
2026-04-11 21:35:53.273 | INFO     | text2sparql_client.commands.ask:_retry_response:49 - db26:39-en | Retrying (5/5) after 15 seconds...
2026-04-11 21:39:08.451 | WARNING  | text2sparql_client.commands.ask:_retry_response:68 - db26:39-en | HTTPSConnectionPool(host='26c.text2sparql.cc-eti.org', port=443): Read timed out. (read timeout=180)
2026-04-11 21:39:08.451 | ERROR    | text2sparql_client.commands.ask:_retry_response:44 - db26:39-en | Maximum number of retries reached. Skipping question.
2026-04-11 21:42:08.575 | WARNING  | text2sparql_client.commands.ask:ask_command:182 - db26:39-es | HTTPSConnectionPool(host='26c.text2sparql.cc-eti.org', port=443): Read timed out. (read timeout=180)
2026-04-11 21:42:08.575 | INFO     | text2sparql_client.commands.ask:_retry_response:49 - db26:39-es | Retrying (1/5) after 15 seconds...
2026-04-11 21:45:23.733 | WARNING  | text2sparql_client.commands.ask:_retry_response:68 - db26:39-es | HTTPSConnectionPool(host='26c.text2sparql.cc-eti.org', port=443): Read timed out. (read timeout=180)
2026-04-11 21:45:23.734 | INFO     | text2sparql_client.commands.ask:_retry_response:49 - db26:39-es | Retrying (2/5) after 15 seconds...
2026-04-11 21:48:38.890 | WARNING  | text2sparql_client.commands.ask:_retry_response:68 - db26:39-es | HTTPSConnectionPool(host='26c.text2sparql.cc-eti.org', port=443): Read timed out. (read timeout=180)
2026-04-11 21:48:38.890 | INFO     | text2sparql_client.commands.ask:_retry_response:49 - db26:39-es | Retrying (3/5) after 15 seconds...
2026-04-11 21:51:54.037 | WARNING  | text2sparql_client.commands.ask:_retry_response:68 - db26:39-es | HTTPSConnectionPool(host='26c.text2sparql.cc-eti.org', port=443): Read timed out. (read timeout=180)
2026-04-11 21:51:54.037 | INFO     | text2sparql_client.commands.ask:_retry_response:49 - db26:39-es | Retrying (4/5) after 15 seconds...
2026-04-11 21:55:09.270 | WARNING  | text2sparql_client.commands.ask:_retry_response:68 - db26:39-es | HTTPSConnectionPool(host='26c.text2sparql.cc-eti.org', port=443): Read timed out. (read timeout=180)
2026-04-11 21:55:09.270 | INFO     | text2sparql_client.commands.ask:_retry_response:49 - db26:39-es | Retrying (5/5) after 15 seconds...
2026-04-11 22:04:00.497 | WARNING  | text2sparql_client.commands.ask:ask_command:182 - db26:44-en | HTTPSConnectionPool(host='26c.text2sparql.cc-eti.org', port=443): Read timed out. (read timeout=180)
2026-04-11 22:04:00.498 | INFO     | text2sparql_client.commands.ask:_retry_response:49 - db26:44-en | Retrying (1/5) after 15 seconds...
2026-04-11 22:07:15.678 | WARNING  | text2sparql_client.commands.ask:_retry_response:68 - db26:44-en | HTTPSConnectionPool(host='26c.text2sparql.cc-eti.org', port=443): Read timed out. (read timeout=180)
2026-04-11 22:07:15.678 | INFO     | text2sparql_client.commands.ask:_retry_response:49 - db26:44-en | Retrying (2/5) after 15 seconds...
2026-04-11 22:10:30.805 | WARNING  | text2sparql_client.commands.ask:_retry_response:68 - db26:44-en | HTTPSConnectionPool(host='26c.text2sparql.cc-eti.org', port=443): Read timed out. (read timeout=180)
2026-04-11 22:10:30.805 | INFO     | text2sparql_client.commands.ask:_retry_response:49 - db26:44-en | Retrying (3/5) after 15 seconds...
2026-04-11 22:13:45.979 | WARNING  | text2sparql_client.commands.ask:_retry_response:68 - db26:44-en | HTTPSConnectionPool(host='26c.text2sparql.cc-eti.org', port=443): Read timed out. (read timeout=180)
2026-04-11 22:13:45.979 | INFO     | text2sparql_client.commands.ask:_retry_response:49 - db26:44-en | Retrying (4/5) after 15 seconds...
2026-04-11 22:17:01.108 | WARNING  | text2sparql_client.commands.ask:_retry_response:68 - db26:44-en | HTTPSConnectionPool(host='26c.text2sparql.cc-eti.org', port=443): Read timed out. (read timeout=180)
2026-04-11 22:17:01.108 | INFO     | text2sparql_client.commands.ask:_retry_response:49 - db26:44-en | Retrying (5/5) after 15 seconds...
2026-04-11 22:20:16.275 | WARNING  | text2sparql_client.commands.ask:_retry_response:68 - db26:44-en | HTTPSConnectionPool(host='26c.text2sparql.cc-eti.org', port=443): Read timed out. (read timeout=180)
2026-04-11 22:20:16.276 | ERROR    | text2sparql_client.commands.ask:_retry_response:44 - db26:44-en | Maximum number of retries reached. Skipping question.
2026-04-11 22:23:16.405 | WARNING  | text2sparql_client.commands.ask:ask_command:182 - db26:44-es | HTTPSConnectionPool(host='26c.text2sparql.cc-eti.org', port=443): Read timed out. (read timeout=180)
2026-04-11 22:23:16.405 | INFO     | text2sparql_client.commands.ask:_retry_response:49 - db26:44-es | Retrying (1/5) after 15 seconds...
2026-04-11 22:26:31.563 | WARNING  | text2sparql_client.commands.ask:_retry_response:68 - db26:44-es | HTTPSConnectionPool(host='26c.text2sparql.cc-eti.org', port=443): Read timed out. (read timeout=180)
2026-04-11 22:26:31.563 | INFO     | text2sparql_client.commands.ask:_retry_response:49 - db26:44-es | Retrying (2/5) after 15 seconds...
2026-04-11 22:29:46.717 | WARNING  | text2sparql_client.commands.ask:_retry_response:68 - db26:44-es | HTTPSConnectionPool(host='26c.text2sparql.cc-eti.org', port=443): Read timed out. (read timeout=180)
2026-04-11 22:29:46.717 | INFO     | text2sparql_client.commands.ask:_retry_response:49 - db26:44-es | Retrying (3/5) after 15 seconds...
2026-04-11 22:33:01.850 | WARNING  | text2sparql_client.commands.ask:_retry_response:68 - db26:44-es | HTTPSConnectionPool(host='26c.text2sparql.cc-eti.org', port=443): Read timed out. (read timeout=180)
2026-04-11 22:33:01.850 | INFO     | text2sparql_client.commands.ask:_retry_response:49 - db26:44-es | Retrying (4/5) after 15 seconds...
2026-04-11 22:36:17.051 | WARNING  | text2sparql_client.commands.ask:_retry_response:68 - db26:44-es | HTTPSConnectionPool(host='26c.text2sparql.cc-eti.org', port=443): Read timed out. (read timeout=180)
2026-04-11 22:36:17.051 | INFO     | text2sparql_client.commands.ask:_retry_response:49 - db26:44-es | Retrying (5/5) after 15 seconds...
2026-04-11 22:39:32.181 | WARNING  | text2sparql_client.commands.ask:_retry_response:68 - db26:44-es | HTTPSConnectionPool(host='26c.text2sparql.cc-eti.org', port=443): Read timed out. (read timeout=180)
2026-04-11 22:39:32.181 | ERROR    | text2sparql_client.commands.ask:_retry_response:44 - db26:44-es | Maximum number of retries reached. Skipping question.
2026-04-11 22:42:32.308 | WARNING  | text2sparql_client.commands.ask:ask_command:182 - db26:45-en | HTTPSConnectionPool(host='26c.text2sparql.cc-eti.org', port=443): Read timed out. (read timeout=180)
2026-04-11 22:42:32.308 | INFO     | text2sparql_client.commands.ask:_retry_response:49 - db26:45-en | Retrying (1/5) after 15 seconds...
2026-04-11 22:45:47.351 | WARNING  | text2sparql_client.commands.ask:_retry_response:68 - db26:45-en | HTTPSConnectionPool(host='26c.text2sparql.cc-eti.org', port=443): Read timed out. (read timeout=180)
2026-04-11 22:45:47.351 | INFO     | text2sparql_client.commands.ask:_retry_response:49 - db26:45-en | Retrying (2/5) after 15 seconds...
2026-04-11 22:49:02.555 | WARNING  | text2sparql_client.commands.ask:_retry_response:68 - db26:45-en | HTTPSConnectionPool(host='26c.text2sparql.cc-eti.org', port=443): Read timed out. (read timeout=180)
2026-04-11 22:49:02.555 | INFO     | text2sparql_client.commands.ask:_retry_response:49 - db26:45-en | Retrying (3/5) after 15 seconds...
2026-04-11 22:52:17.735 | WARNING  | text2sparql_client.commands.ask:_retry_response:68 - db26:45-en | HTTPSConnectionPool(host='26c.text2sparql.cc-eti.org', port=443): Read timed out. (read timeout=180)
2026-04-11 22:52:17.735 | INFO     | text2sparql_client.commands.ask:_retry_response:49 - db26:45-en | Retrying (4/5) after 15 seconds...
2026-04-11 22:55:33.050 | WARNING  | text2sparql_client.commands.ask:_retry_response:68 - db26:45-en | HTTPSConnectionPool(host='26c.text2sparql.cc-eti.org', port=443): Read timed out. (read timeout=180)
2026-04-11 22:55:33.050 | INFO     | text2sparql_client.commands.ask:_retry_response:49 - db26:45-en | Retrying (5/5) after 15 seconds...
2026-04-11 22:58:48.248 | WARNING  | text2sparql_client.commands.ask:_retry_response:68 - db26:45-en | HTTPSConnectionPool(host='26c.text2sparql.cc-eti.org', port=443): Read timed out. (read timeout=180)
2026-04-11 22:58:48.248 | ERROR    | text2sparql_client.commands.ask:_retry_response:44 - db26:45-en | Maximum number of retries reached. Skipping question.
2026-04-11 23:01:48.378 | WARNING  | text2sparql_client.commands.ask:ask_command:182 - db26:45-es | HTTPSConnectionPool(host='26c.text2sparql.cc-eti.org', port=443): Read timed out. (read timeout=180)
2026-04-11 23:01:48.378 | INFO     | text2sparql_client.commands.ask:_retry_response:49 - db26:45-es | Retrying (1/5) after 15 seconds...
2026-04-11 23:05:03.527 | WARNING  | text2sparql_client.commands.ask:_retry_response:68 - db26:45-es | HTTPSConnectionPool(host='26c.text2sparql.cc-eti.org', port=443): Read timed out. (read timeout=180)
2026-04-11 23:05:03.527 | INFO     | text2sparql_client.commands.ask:_retry_response:49 - db26:45-es | Retrying (2/5) after 15 seconds...
2026-04-11 23:08:18.660 | WARNING  | text2sparql_client.commands.ask:_retry_response:68 - db26:45-es | HTTPSConnectionPool(host='26c.text2sparql.cc-eti.org', port=443): Read timed out. (read timeout=180)
2026-04-11 23:08:18.660 | INFO     | text2sparql_client.commands.ask:_retry_response:49 - db26:45-es | Retrying (3/5) after 15 seconds...
2026-04-11 23:11:33.787 | WARNING  | text2sparql_client.commands.ask:_retry_response:68 - db26:45-es | HTTPSConnectionPool(host='26c.text2sparql.cc-eti.org', port=443): Read timed out. (read timeout=180)
2026-04-11 23:11:33.788 | INFO     | text2sparql_client.commands.ask:_retry_response:49 - db26:45-es | Retrying (4/5) after 15 seconds...
2026-04-11 23:15:39.649 | WARNING  | text2sparql_client.commands.ask:ask_command:182 - db26:48-es | HTTPSConnectionPool(host='26c.text2sparql.cc-eti.org', port=443): Read timed out. (read timeout=180)
2026-04-11 23:15:39.650 | INFO     | text2sparql_client.commands.ask:_retry_response:49 - db26:48-es | Retrying (1/5) after 15 seconds...
2026-04-11 23:18:54.778 | WARNING  | text2sparql_client.commands.ask:_retry_response:68 - db26:48-es | HTTPSConnectionPool(host='26c.text2sparql.cc-eti.org', port=443): Read timed out. (read timeout=180)
2026-04-11 23:18:54.778 | INFO     | text2sparql_client.commands.ask:_retry_response:49 - db26:48-es | Retrying (2/5) after 15 seconds...
2026-04-11 23:22:09.970 | WARNING  | text2sparql_client.commands.ask:_retry_response:68 - db26:48-es | HTTPSConnectionPool(host='26c.text2sparql.cc-eti.org', port=443): Read timed out. (read timeout=180)
2026-04-11 23:22:09.970 | INFO     | text2sparql_client.commands.ask:_retry_response:49 - db26:48-es | Retrying (3/5) after 15 seconds...
2026-04-11 23:25:25.099 | WARNING  | text2sparql_client.commands.ask:_retry_response:68 - db26:48-es | HTTPSConnectionPool(host='26c.text2sparql.cc-eti.org', port=443): Read timed out. (read timeout=180)
2026-04-11 23:25:25.099 | INFO     | text2sparql_client.commands.ask:_retry_response:49 - db26:48-es | Retrying (4/5) after 15 seconds...
2026-04-11 23:28:40.255 | WARNING  | text2sparql_client.commands.ask:_retry_response:68 - db26:48-es | HTTPSConnectionPool(host='26c.text2sparql.cc-eti.org', port=443): Read timed out. (read timeout=180)
2026-04-11 23:28:40.255 | INFO     | text2sparql_client.commands.ask:_retry_response:49 - db26:48-es | Retrying (5/5) after 15 seconds...
2026-04-11 23:31:55.385 | WARNING  | text2sparql_client.commands.ask:_retry_response:68 - db26:48-es | HTTPSConnectionPool(host='26c.text2sparql.cc-eti.org', port=443): Read timed out. (read timeout=180)
2026-04-11 23:31:55.385 | ERROR    | text2sparql_client.commands.ask:_retry_response:44 - db26:48-es | Maximum number of retries reached. Skipping question.
2026-04-11 23:34:55.532 | WARNING  | text2sparql_client.commands.ask:ask_command:182 - db26:49-en | HTTPSConnectionPool(host='26c.text2sparql.cc-eti.org', port=443): Read timed out. (read timeout=180)
2026-04-11 23:34:55.532 | INFO     | text2sparql_client.commands.ask:_retry_response:49 - db26:49-en | Retrying (1/5) after 15 seconds...
2026-04-11 23:38:10.688 | WARNING  | text2sparql_client.commands.ask:_retry_response:68 - db26:49-en | HTTPSConnectionPool(host='26c.text2sparql.cc-eti.org', port=443): Read timed out. (read timeout=180)
2026-04-11 23:38:10.688 | INFO     | text2sparql_client.commands.ask:_retry_response:49 - db26:49-en | Retrying (2/5) after 15 seconds...
