2026-04-10 14:16:02.486 | WARNING  | text2sparql_client.commands.ask:ask_command:182 - db26:3-es | HTTPSConnectionPool(host='insanalex-iris-at-text2sparql.hf.space', port=443): Read timed out. (read timeout=180)
2026-04-10 14:16:02.487 | INFO     | text2sparql_client.commands.ask:_retry_response:49 - db26:3-es | Retrying (1/5) after 15 seconds...
2026-04-10 14:27:17.100 | WARNING  | text2sparql_client.commands.ask:ask_command:182 - db26:5-en | HTTPSConnectionPool(host='insanalex-iris-at-text2sparql.hf.space', port=443): Read timed out. (read timeout=180)
2026-04-10 14:27:17.100 | INFO     | text2sparql_client.commands.ask:_retry_response:49 - db26:5-en | Retrying (1/5) after 15 seconds...
2026-04-10 14:32:56.441 | WARNING  | text2sparql_client.commands.ask:ask_command:182 - db26:5-es | HTTPSConnectionPool(host='insanalex-iris-at-text2sparql.hf.space', port=443): Read timed out. (read timeout=180)
2026-04-10 14:32:56.441 | INFO     | text2sparql_client.commands.ask:_retry_response:49 - db26:5-es | Retrying (1/5) after 15 seconds...
2026-04-10 14:36:11.664 | WARNING  | text2sparql_client.commands.ask:_retry_response:68 - db26:5-es | HTTPSConnectionPool(host='insanalex-iris-at-text2sparql.hf.space', port=443): Read timed out. (read timeout=180)
2026-04-10 14:36:11.665 | INFO     | text2sparql_client.commands.ask:_retry_response:49 - db26:5-es | Retrying (2/5) after 15 seconds...
2026-04-10 14:39:26.918 | WARNING  | text2sparql_client.commands.ask:_retry_response:68 - db26:5-es | HTTPSConnectionPool(host='insanalex-iris-at-text2sparql.hf.space', port=443): Read timed out. (read timeout=180)
2026-04-10 14:39:26.918 | INFO     | text2sparql_client.commands.ask:_retry_response:49 - db26:5-es | Retrying (3/5) after 15 seconds...
2026-04-10 14:42:42.138 | WARNING  | text2sparql_client.commands.ask:_retry_response:68 - db26:5-es | HTTPSConnectionPool(host='insanalex-iris-at-text2sparql.hf.space', port=443): Read timed out. (read timeout=180)
2026-04-10 14:42:42.138 | INFO     | text2sparql_client.commands.ask:_retry_response:49 - db26:5-es | Retrying (4/5) after 15 seconds...
2026-04-10 14:45:57.362 | WARNING  | text2sparql_client.commands.ask:_retry_response:68 - db26:5-es | HTTPSConnectionPool(host='insanalex-iris-at-text2sparql.hf.space', port=443): Read timed out. (read timeout=180)
2026-04-10 14:45:57.362 | INFO     | text2sparql_client.commands.ask:_retry_response:49 - db26:5-es | Retrying (5/5) after 15 seconds...
2026-04-10 14:49:12.640 | WARNING  | text2sparql_client.commands.ask:_retry_response:68 - db26:5-es | HTTPSConnectionPool(host='insanalex-iris-at-text2sparql.hf.space', port=443): Read timed out. (read timeout=180)
2026-04-10 14:49:12.640 | ERROR    | text2sparql_client.commands.ask:_retry_response:44 - db26:5-es | Maximum number of retries reached. Skipping question.
2026-04-10 15:12:47.943 | WARNING  | text2sparql_client.commands.ask:ask_command:182 - db26:14-en | HTTPSConnectionPool(host='insanalex-iris-at-text2sparql.hf.space', port=443): Read timed out. (read timeout=180)
2026-04-10 15:12:47.944 | INFO     | text2sparql_client.commands.ask:_retry_response:49 - db26:14-en | Retrying (1/5) after 15 seconds...
2026-04-10 15:18:56.622 | WARNING  | text2sparql_client.commands.ask:ask_command:182 - db26:14-es | HTTPSConnectionPool(host='insanalex-iris-at-text2sparql.hf.space', port=443): Read timed out. (read timeout=180)
2026-04-10 15:18:56.622 | INFO     | text2sparql_client.commands.ask:_retry_response:49 - db26:14-es | Retrying (1/5) after 15 seconds...
2026-04-10 15:22:11.875 | WARNING  | text2sparql_client.commands.ask:_retry_response:68 - db26:14-es | HTTPSConnectionPool(host='insanalex-iris-at-text2sparql.hf.space', port=443): Read timed out. (read timeout=180)
2026-04-10 15:22:11.875 | INFO     | text2sparql_client.commands.ask:_retry_response:49 - db26:14-es | Retrying (2/5) after 15 seconds...
2026-04-10 15:25:27.095 | WARNING  | text2sparql_client.commands.ask:_retry_response:68 - db26:14-es | HTTPSConnectionPool(host='insanalex-iris-at-text2sparql.hf.space', port=443): Read timed out. (read timeout=180)
2026-04-10 15:25:27.096 | INFO     | text2sparql_client.commands.ask:_retry_response:49 - db26:14-es | Retrying (3/5) after 15 seconds...
2026-04-10 15:28:42.343 | WARNING  | text2sparql_client.commands.ask:_retry_response:68 - db26:14-es | HTTPSConnectionPool(host='insanalex-iris-at-text2sparql.hf.space', port=443): Read timed out. (read timeout=180)
2026-04-10 15:28:42.343 | INFO     | text2sparql_client.commands.ask:_retry_response:49 - db26:14-es | Retrying (4/5) after 15 seconds...
2026-04-10 15:31:57.573 | WARNING  | text2sparql_client.commands.ask:_retry_response:68 - db26:14-es | HTTPSConnectionPool(host='insanalex-iris-at-text2sparql.hf.space', port=443): Read timed out. (read timeout=180)
2026-04-10 15:31:57.575 | INFO     | text2sparql_client.commands.ask:_retry_response:49 - db26:14-es | Retrying (5/5) after 15 seconds...
2026-04-10 16:09:41.084 | WARNING  | text2sparql_client.commands.ask:ask_command:182 - db26:22-es | HTTPSConnectionPool(host='insanalex-iris-at-text2sparql.hf.space', port=443): Read timed out. (read timeout=180)
2026-04-10 16:09:41.084 | INFO     | text2sparql_client.commands.ask:_retry_response:49 - db26:22-es | Retrying (1/5) after 15 seconds...
2026-04-10 16:47:07.485 | WARNING  | text2sparql_client.commands.ask:ask_command:182 - db26:33-es | HTTPSConnectionPool(host='insanalex-iris-at-text2sparql.hf.space', port=443): Read timed out. (read timeout=180)
2026-04-10 16:47:07.486 | INFO     | text2sparql_client.commands.ask:_retry_response:49 - db26:33-es | Retrying (1/5) after 15 seconds...
2026-04-10 16:58:01.151 | WARNING  | text2sparql_client.commands.ask:ask_command:182 - db26:36-en | HTTPSConnectionPool(host='insanalex-iris-at-text2sparql.hf.space', port=443): Read timed out. (read timeout=180)
2026-04-10 16:58:01.151 | INFO     | text2sparql_client.commands.ask:_retry_response:49 - db26:36-en | Retrying (1/5) after 15 seconds...
2026-04-10 17:15:58.372 | WARNING  | text2sparql_client.commands.ask:ask_command:182 - db26:40-es | HTTPSConnectionPool(host='insanalex-iris-at-text2sparql.hf.space', port=443): Read timed out. (read timeout=180)
2026-04-10 17:15:58.374 | INFO     | text2sparql_client.commands.ask:_retry_response:49 - db26:40-es | Retrying (1/5) after 15 seconds...
2026-04-10 17:17:13.770 | WARNING  | text2sparql_client.commands.ask:_retry_response:68 - db26:40-es | ('Connection aborted.', RemoteDisconnected('Remote end closed connection without response'))
2026-04-10 17:17:13.770 | INFO     | text2sparql_client.commands.ask:_retry_response:49 - db26:40-es | Retrying (2/5) after 15 seconds...
2026-04-10 17:20:29.006 | WARNING  | text2sparql_client.commands.ask:_retry_response:68 - db26:40-es | HTTPSConnectionPool(host='insanalex-iris-at-text2sparql.hf.space', port=443): Read timed out. (read timeout=180)
2026-04-10 17:20:29.006 | INFO     | text2sparql_client.commands.ask:_retry_response:49 - db26:40-es | Retrying (3/5) after 15 seconds...
2026-04-10 17:53:38.136 | WARNING  | text2sparql_client.commands.ask:ask_command:182 - db26:48-en | HTTPSConnectionPool(host='insanalex-iris-at-text2sparql.hf.space', port=443): Read timed out. (read timeout=180)
2026-04-10 17:53:38.136 | INFO     | text2sparql_client.commands.ask:_retry_response:49 - db26:48-en | Retrying (1/5) after 15 seconds...
